// Jest Snapshot v1, https://goo.gl/fbAQLP

exports[`Проверка <ArtistQuestionScreen> компонент <ArtistQuestionScreen> корректно отрисован 1`] = `
<section
  className="game game--artist"
>
  <header
    className="game__header"
  >
    <a
      className="game__back"
    >
      <span
        className="visually-hidden"
      >
        Сыграть ещё раз
      </span>
      <img
        alt="Угадай мелодию"
        className="game__logo"
        src="img/melody-logo-ginger.png"
      />
    </a>
    <div
      className="timer__value"
      xmlns="http://www.w3.org/1999/xhtml"
    >
      <span
        className="timer__mins"
      >
        0
      </span>
      <span
        className="timer__dots"
      >
        :
      </span>
      <span
        className="timer__secs"
      >
        05
      </span>
    </div>
    <div
      className="game__mistakes"
    />
  </header>
  <section
    className="game__screen"
  >
    <h2
      className="game__title"
    >
      Кто исполняет эту песню?
    </h2>
    <div
      className="game__track"
    >
      <div
        className="track"
      />
    </div>
    <form
      className="game__artist"
    >
      <div
        className="artist"
      >
        <input
          className="artist__input visually-hidden"
          id="answer-0"
          name="answer"
          onClick={[Function]}
          type="radio"
          value="answer-0"
        />
        <label
          className="artist__name"
          htmlFor="answer-0"
        >
          <img
            alt="John Snow"
            className="artist__picture"
            src="http://placehold.it/134x134"
          />
          John Snow
        </label>
      </div>
      <div
        className="artist"
      >
        <input
          className="artist__input visually-hidden"
          id="answer-1"
          name="answer"
          onClick={[Function]}
          type="radio"
          value="answer-1"
        />
        <label
          className="artist__name"
          htmlFor="answer-1"
        >
          <img
            alt="Jack Daniels"
            className="artist__picture"
            src="http://placehold.it/134x134"
          />
          Jack Daniels
        </label>
      </div>
      <div
        className="artist"
      >
        <input
          className="artist__input visually-hidden"
          id="answer-2"
          name="answer"
          onClick={[Function]}
          type="radio"
          value="answer-2"
        />
        <label
          className="artist__name"
          htmlFor="answer-2"
        >
          <img
            alt="Jim Beam"
            className="artist__picture"
            src="http://placehold.it/134x134"
          />
          Jim Beam
        </label>
      </div>
    </form>
  </section>
</section>
`;
