// Jest Snapshot v1, https://goo.gl/fbAQLP

exports[`Проверка <GameMistakes> Компонент <GameMistakes> корректно отрисован 1`] = `
<div
  className="game__mistakes"
>
  <div
    className="wrong"
  />
  <div
    className="wrong"
  />
</div>
`;
