// Jest Snapshot v1, https://goo.gl/fbAQLP

exports[`Проверка <AudioPlayer> компонент <AudioPlayer> корректно отрисован 1`] = `null`;
